<html>
<body>
<pre>
<h1>µVision Build Log</h1>
<h2>Project:</h2>
C:\Users\lenalim\Documents\ValvanoWareTM4C123\Lab4c\CC3100GetWeather_4C123\getWeather.uvproj
Project File Date:  09/24/2016

<h2>Output:</h2>
Rebuild target 'getWeather'
compiling main.c...
main.c(131): warning:  #257-D: const variable "comparison" requires an initializer
        const char comparison;
main.c(131): warning:  #177-D: variable "comparison" was declared but never referenced
        const char comparison;
main.c: 2 warnings, 0 errors
compiling board.c...
compiling Nokia5110.c...
compiling LED.c...
compiling device.c...
compiling driver.c...
compiling flowcont.c...
compiling fs.c...
compiling netapp.c...
compiling netcfg.c...
compiling nonos.c...
compiling socket.c...
compiling spawn.c...
compiling spi.c...
assembling startup_rvmdk.S...
compiling uart.c...
compiling wlan.c...
compiling uartstdio.c...
compiling ustdlib.c...
compiling ADC.c...
linking...
Program Size: Code=14044 RO-data=1824 RW-data=56 ZI-data=19512  
After Build - User command #1: fromelf --bin --output .\rvmdk\cc31000_starter.bin .\rvmdk\cc31000_starter.axf
".\rvmdk\getWeather.axf" - 0 Error(s), 2 Warning(s).
</pre>
</body>
</html>
Documents\\ValvanoWareTM4C123\\Lab4c\\CC3100GetWeather_4C123\\rvmdk\\getWeather.axf" 
Connecting: Mode=JTAG, Speed=1000000Hz
Erase Done.
Programming Done.
Verify OK.
Load "C:\\Users\\lenalim\\Documents\\ValvanoWareTM4C123\\Lab4c\\CC3100GetWeather_4C123\\rvmdk\\getWeather.axf" 
Connecting: Mode=JTAG, Speed=1000000Hz
Erase Done.
Programming Done.
Verify OK.
